{"index": 85, "arm": "DISPLACED", "S1def": 0, "S1small": 499, "FAR_S2": null, "PRE_S2": 0.8117283950617284}
{"index": 85, "arm": "SHAM", "S1def": 0, "S1small": 499, "FAR_S2": null, "PRE_S2": 0.8117283950617284}
{"index": 94, "arm": "SELECTIVE", "S1def": 0, "S1small": 499, "FAR_S2": null, "PRE_S2": 0.7708333333333333}
{"index": 113, "arm": "DISPLACED", "S1def": 0, "S1small": 1212, "FAR_S2": 1.0910493827160495, "PRE_S2": 0.8533950617283951}
{"index": 113, "arm": "SHAM", "S1def": 0, "S1small": 1212, "FAR_S2": 1.0910493827160495, "PRE_S2": 0.8533950617283951}
{"index": 118, "arm": "SELECTIVE", "S1def": 0, "S1small": 608, "FAR_S2": 0.3587962962962963, "PRE_S2": 1.0524691358024691}
{"index": 124, "arm": "DISPLACED", "S1def": 0, "S1small": 560, "FAR_S2": 0.3125, "PRE_S2": 0.8194444444444444}
{"index": 124, "arm": "SHAM", "S1def": 0, "S1small": 560, "FAR_S2": 0.3125, "PRE_S2": 0.8194444444444444}
{"index": 182, "arm": "SELECTIVE", "S1def": 0, "S1small": 499, "FAR_S2": null, "PRE_S2": 0.6103395061728395}
{"index": 198, "arm": "DISPLACED", "S1def": 0, "S1small": 499, "FAR_S2": null, "PRE_S2": 0.5192901234567902}
{"index": 198, "arm": "SHAM", "S1def": 0, "S1small": 499, "FAR_S2": null, "PRE_S2": 0.5192901234567902}
{"index": 231, "arm": "SELECTIVE", "S1def": 0, "S1small": 499, "FAR_S2": null, "PRE_S2": 0.7824074074074073}
{"index": 240, "arm": "DISPLACED", "S1def": 0, "S1small": 499, "FAR_S2": null, "PRE_S2": 0.7253086419753085}
{"index": 240, "arm": "SHAM", "S1def": 0, "S1small": 499, "FAR_S2": null, "PRE_S2": 0.7253086419753085}
{"index": 279, "arm": "SELECTIVE", "S1def": 0, "S1small": 499, "FAR_S2": null, "PRE_S2": 0.8117283950617284}
{"index": 312, "arm": "DISPLACED", "S1def": 0, "S1small": 499, "FAR_S2": null, "PRE_S2": 0.6828703703703703}
{"index": 312, "arm": "SHAM", "S1def": 0, "S1small": 499, "FAR_S2": null, "PRE_S2": 0.6828703703703703}
{"index": 321, "arm": "SELECTIVE", "S1def": 0, "S1small": 1141, "FAR_S2": 0.6041666666666667, "PRE_S2": 0.7407407407407407}
{"index": 347, "arm": "DISPLACED", "S1def": 0, "S1small": 608, "FAR_S2": 0.345679012345679, "PRE_S2": 0.8773148148148149}
{"index": 347, "arm": "SHAM", "S1def": 0, "S1small": 608, "FAR_S2": 0.345679012345679, "PRE_S2": 0.8773148148148149}
{"index": 361, "arm": "SELECTIVE", "S1def": 0, "S1small": 541, "FAR_S2": 0.21990740740740738, "PRE_S2": 0.8688271604938272}
{"index": 365, "arm": "DISPLACED", "S1def": 0, "S1small": 499, "FAR_S2": null, "PRE_S2": 0.9089506172839507}
{"index": 365, "arm": "SHAM", "S1def": 0, "S1small": 499, "FAR_S2": null, "PRE_S2": 0.9089506172839507}
{"index": 391, "arm": "SELECTIVE", "S1def": 0, "S1small": 499, "FAR_S2": null, "PRE_S2": 0.8981481481481481}
{"index": 393, "arm": "DISPLACED", "S1def": 0, "S1small": 747, "FAR_S2": 0.38888888888888884, "PRE_S2": 0.6319444444444444}
{"index": 393, "arm": "SHAM", "S1def": 0, "S1small": 747, "FAR_S2": 0.38888888888888884, "PRE_S2": 0.6319444444444444}
{"index": 411, "arm": "SELECTIVE", "S1def": 0, "S1small": 499, "FAR_S2": null, "PRE_S2": 0.8248456790123456}
{"index": 415, "arm": "DISPLACED", "S1def": 0, "S1small": 499, "FAR_S2": null, "PRE_S2": 0.8387345679012346}
{"index": 415, "arm": "SHAM", "S1def": 0, "S1small": 499, "FAR_S2": null, "PRE_S2": 0.8387345679012346}
{"index": 425, "arm": "SELECTIVE", "S1def": 0, "S1small": 499, "FAR_S2": null, "PRE_S2": 0.8773148148148148}
{"index": 461, "arm": "DISPLACED", "S1def": 0, "S1small": 499, "FAR_S2": null, "PRE_S2": 0.7515432098765432}
{"index": 461, "arm": "SHAM", "S1def": 0, "S1small": 499, "FAR_S2": null, "PRE_S2": 0.7515432098765432}
{"index": 464, "arm": "SELECTIVE", "S1def": 0, "S1small": 499, "FAR_S2": null, "PRE_S2": 0.75}
{"index": 491, "arm": "DISPLACED", "S1def": 0, "S1small": 499, "FAR_S2": null, "PRE_S2": 0.8325617283950617}
{"index": 491, "arm": "SHAM", "S1def": 0, "S1small": 499, "FAR_S2": null, "PRE_S2": 0.8325617283950617}
{"index": 507, "arm": "SELECTIVE", "S1def": 108, "S1small": 944, "FAR_S2": 0.8780864197530864, "PRE_S2": 1.0455246913580245}
{"index": 511, "arm": "DISPLACED", "S1def": 0, "S1small": 499, "FAR_S2": null, "PRE_S2": 0.6520061728395061}
{"index": 511, "arm": "SHAM", "S1def": 0, "S1small": 499, "FAR_S2": null, "PRE_S2": 0.6520061728395061}
{"index": 530, "arm": "SELECTIVE", "S1def": 0, "S1small": 499, "FAR_S2": null, "PRE_S2": 0.5054012345679013}
{"index": 545, "arm": "DISPLACED", "S1def": 0, "S1small": 499, "FAR_S2": null, "PRE_S2": 0.8564814814814814}
{"index": 545, "arm": "SHAM", "S1def": 0, "S1small": 499, "FAR_S2": null, "PRE_S2": 0.8564814814814814}
{"index": 549, "arm": "SELECTIVE", "S1def": 0, "S1small": 499, "FAR_S2": null, "PRE_S2": 0.8155864197530864}
{"index": 566, "arm": "DISPLACED", "S1def": 0, "S1small": 573, "FAR_S2": 0.09259259259259259, "PRE_S2": 0.8634259259259259}
{"index": 566, "arm": "SHAM", "S1def": 0, "S1small": 573, "FAR_S2": 0.09259259259259259, "PRE_S2": 0.8634259259259259}
{"index": 573, "arm": "SELECTIVE", "S1def": 0, "S1small": 499, "FAR_S2": null, "PRE_S2": 0.6712962962962963}
{"index": 593, "arm": "DISPLACED", "S1def": 0, "S1small": 1127, "FAR_S2": 0.7422839506172839, "PRE_S2": 0.8379629629629629}
{"index": 593, "arm": "SHAM", "S1def": 0, "S1small": 1127, "FAR_S2": 0.7422839506172839, "PRE_S2": 0.8379629629629629}
{"index": 595, "arm": "SELECTIVE", "S1def": 0, "S1small": 523, "FAR_S2": 0.16203703703703703, "PRE_S2": 0.7299382716049382}
{"index": 636, "arm": "DISPLACED", "S1def": 0, "S1small": 499, "FAR_S2": null, "PRE_S2": 0.6520061728395061}
{"index": 636, "arm": "SHAM", "S1def": 0, "S1small": 499, "FAR_S2": null, "PRE_S2": 0.6520061728395061}
{"index": 664, "arm": "SELECTIVE", "S1def": 0, "S1small": 499, "FAR_S2": null, "PRE_S2": 0.6689814814814814}
{"index": 724, "arm": "DISPLACED", "S1def": 0, "S1small": 739, "FAR_S2": 0.5829475308641976, "PRE_S2": 0.8518518518518519}
{"index": 724, "arm": "SHAM", "S1def": 0, "S1small": 739, "FAR_S2": 0.5829475308641976, "PRE_S2": 0.8518518518518519}
{"index": 732, "arm": "SELECTIVE", "S1def": 0, "S1small": 499, "FAR_S2": null, "PRE_S2": 0.8233024691358024}
{"index": 768, "arm": "DISPLACED", "S1def": 0, "S1small": 499, "FAR_S2": null, "PRE_S2": 0.5864197530864198}
{"index": 768, "arm": "SHAM", "S1def": 0, "S1small": 499, "FAR_S2": null, "PRE_S2": 0.5864197530864198}
{"index": 780, "arm": "SELECTIVE", "S1def": 0, "S1small": 499, "FAR_S2": null, "PRE_S2": 0.8032407407407407}
{"index": 793, "arm": "DISPLACED", "S1def": 0, "S1small": 1068, "FAR_S2": 0.6859567901234568, "PRE_S2": 0.7013888888888888}
{"index": 793, "arm": "SHAM", "S1def": 0, "S1small": 1068, "FAR_S2": 0.6859567901234568, "PRE_S2": 0.7013888888888888}
{"index": 827, "arm": "SELECTIVE", "S1def": 0, "S1small": 499, "FAR_S2": null, "PRE_S2": 0.7739197530864197}
{"index": 866, "arm": "DISPLACED", "S1def": 0, "S1small": 506, "FAR_S2": 0.11574074074074073, "PRE_S2": 0.9575617283950617}
{"index": 866, "arm": "SHAM", "S1def": 0, "S1small": 506, "FAR_S2": 0.11574074074074073, "PRE_S2": 0.9575617283950617}
