    10|SELECTIVE  gate0=PASS  exp 831/831  C=831 P=0 N=0
         10|SHAM  gate0=PASS  exp 952/952  C=952 P=0 N=0
    45|SELECTIVE  gate0=PASS  exp 569/569  C=569 P=0 N=0
         45|SHAM  gate0=PASS  exp 84/84  C=84 P=0 N=0
    52|SELECTIVE  gate0=PASS  exp 822/822  C=822 P=0 N=0
         52|SHAM  gate0=PASS  exp 278/278  C=278 P=0 N=0
    56|SELECTIVE  gate0=PASS  exp 1016/1016  C=1016 P=0 N=0
         56|SHAM  gate0=PASS  exp 382/382  C=382 P=0 N=0
    67|SELECTIVE  gate0=PASS  exp 692/692  C=692 P=0 N=0
         67|SHAM  gate0=PASS  exp 374/374  C=374 P=0 N=0
   201|SELECTIVE  gate0=PASS  exp 503/503  C=503 P=0 N=0
        201|SHAM  gate0=PASS  exp 246/246  C=246 P=0 N=0
   210|SELECTIVE  gate0=PASS  exp 740/740  C=740 P=0 N=0
        210|SHAM  gate0=PASS  exp 345/345  C=345 P=0 N=0
   217|SELECTIVE  gate0=PASS  exp 288/288  C=288 P=0 N=0
        217|SHAM  gate0=PASS  exp 438/438  C=438 P=0 N=0
   226|SELECTIVE  gate0=PASS  exp 62/62  C=62 P=0 N=0
        226|SHAM  gate0=PASS  exp 384/384  C=384 P=0 N=0
   252|SELECTIVE  gate0=PASS  exp 318/318  C=318 P=0 N=0
        252|SHAM  gate0=PASS  exp 105/105  C=105 P=0 N=0
   277|SELECTIVE  gate0=PASS  exp 461/461  C=461 P=0 N=0
        277|SHAM  gate0=PASS  exp 430/430  C=430 P=0 N=0
   298|SELECTIVE  gate0=PASS  exp 22/22  C=22 P=0 N=0
        298|SHAM  gate0=PASS  exp 38/38  C=38 P=0 N=0
   354|SELECTIVE  gate0=PASS  exp 111/111  C=111 P=0 N=0
        354|SHAM  gate0=PASS  exp 120/120  C=120 P=0 N=0
   364|SELECTIVE  gate0=PASS  exp 759/759  C=759 P=0 N=0
        364|SHAM  gate0=PASS  exp 1572/1572  C=1572 P=0 N=0
   392|SELECTIVE  gate0=PASS  exp 451/451  C=451 P=0 N=0
        392|SHAM  gate0=PASS  exp 34/34  C=34 P=0 N=0
   402|SELECTIVE  gate0=PASS  exp 32/32  C=32 P=0 N=0
        402|SHAM  gate0=PASS  exp 2080/2080  C=859 P=525 N=696
   450|SELECTIVE  gate0=PASS  exp 372/372  C=372 P=0 N=0
        450|SHAM  gate0=PASS  exp 231/231  C=231 P=0 N=0
   468|SELECTIVE  gate0=PASS  exp 81/81  C=81 P=0 N=0
        468|SHAM  gate0=PASS  exp 414/414  C=414 P=0 N=0
   471|SELECTIVE  gate0=PASS  exp 1274/1274  C=1274 P=0 N=0
        471|SHAM  gate0=PASS  exp 120/120  C=120 P=0 N=0
   482|SELECTIVE  gate0=PASS  exp 215/215  C=215 P=0 N=0
        482|SHAM  gate0=PASS  exp 303/303  C=303 P=0 N=0
   484|SELECTIVE  gate0=PASS  exp 401/401  C=401 P=0 N=0
        484|SHAM  gate0=PASS  exp 2384/2384  C=2384 P=0 N=0
   489|SELECTIVE  gate0=PASS  exp 1208/1208  C=1208 P=0 N=0
        489|SHAM  gate0=PASS  exp 186/186  C=186 P=0 N=0
   518|SELECTIVE  gate0=PASS  exp 34/34  C=34 P=0 N=0
        518|SHAM  gate0=PASS  exp 1669/1669  C=1630 P=0 N=39
   520|SELECTIVE  gate0=PASS  exp 711/711  C=711 P=0 N=0
        520|SHAM  gate0=PASS  exp 774/774  C=774 P=0 N=0
   539|SELECTIVE  gate0=PASS  exp 451/451  C=451 P=0 N=0
        539|SHAM  gate0=PASS  exp 224/224  C=224 P=0 N=0
   552|SELECTIVE  gate0=PASS  exp 1682/1682  C=1682 P=0 N=0
        552|SHAM  gate0=PASS  exp 197/197  C=197 P=0 N=0
   559|SELECTIVE  gate0=PASS  exp 323/323  C=323 P=0 N=0
        559|SHAM  gate0=PASS  exp 374/374  C=374 P=0 N=0
   594|SELECTIVE  gate0=PASS  exp 376/376  C=376 P=0 N=0
        594|SHAM  gate0=PASS  exp 914/914  C=914 P=0 N=0
   639|SELECTIVE  gate0=PASS  exp 2633/2633  C=2633 P=0 N=0
        639|SHAM  gate0=PASS  exp 864/864  C=864 P=0 N=0
   664|SELECTIVE  gate0=PASS  exp 1/1  C=1 P=0 N=0
        664|SHAM  gate0=PASS  exp 1/1  C=1 P=0 N=0
   743|SELECTIVE  gate0=PASS  exp 213/213  C=213 P=0 N=0
        743|SHAM  gate0=PASS  exp 117/117  C=117 P=0 N=0
   744|SELECTIVE  gate0=PASS  exp 386/386  C=386 P=0 N=0
        744|SHAM  gate0=PASS  exp 123/123  C=123 P=0 N=0
   748|SELECTIVE  gate0=PASS  exp 166/166  C=166 P=0 N=0
        748|SHAM  gate0=PASS  exp 8/8  C=8 P=0 N=0
done 66
