  i0028 s1596972703  NOT_TRIGGERED_BY_THE_FROZEN_   cost   14.184  valid 0/41   79.6s
  i0030 s3837283755  NOT_TRIGGERED_BY_THE_FROZEN_   cost   15.366  valid 0/41   28.6s
  i0032 s1312058949  NOT_TRIGGERED_BY_THE_FROZEN_   cost   16.548  valid 0/41   91.3s
  i0034 s539437101  NOT_TRIGGERED_BY_THE_FROZEN_   cost   18.321  valid 0/41  102.3s
  i0036 s2057573235  NOT_TRIGGERED_BY_THE_FROZEN_   cost   19.503  valid 0/41  101.1s
  i0038 s3646927479  NOT_TRIGGERED_BY_THE_FROZEN_   cost   21.276  valid 0/41   99.5s
  i0040 s3506077992  NOT_TRIGGERED_BY_THE_FROZEN_   cost   23.049  valid 0/41   92.2s
  i0042 s1567275952  NOT_TRIGGERED_BY_THE_FROZEN_   cost   24.231  valid 0/41   84.3s
  i0044 s3864714231  NOT_TRIGGERED_BY_THE_FROZEN_   cost   24.822  valid 0/41   25.4s
  i0046 s3586713307  NOT_TRIGGERED_BY_THE_FROZEN_   cost   25.413  valid 0/41   25.8s
  i0048 s2629003513  NOT_TRIGGERED_BY_THE_FROZEN_   cost   26.595  valid 0/41   88.8s
  i0050 s758882825  NOT_TRIGGERED_BY_THE_FROZEN_   cost   27.777  valid 0/41   85.6s
  i0052 s1803689058  NOT_TRIGGERED_BY_THE_FROZEN_   cost   28.959  valid 0/41   25.3s
  i0054 s3626737556  NOT_TRIGGERED_BY_THE_FROZEN_   cost   30.732  valid 0/41   86.0s
  i0056 s3510778692  NOT_TRIGGERED_BY_THE_FROZEN_   cost   31.323  valid 0/41   25.4s
  i0058 s3801142159  NOT_TRIGGERED_BY_THE_FROZEN_   cost   32.505  valid 0/41   97.1s
  i0060 s1771020751  NOT_TRIGGERED_BY_THE_FROZEN_   cost   34.278  valid 0/41  104.7s
  i0062 s3103629893  NOT_TRIGGERED_BY_THE_FROZEN_   cost   34.869  valid 0/41   25.2s
  i0064 s599507799  NOT_TRIGGERED_BY_THE_FROZEN_   cost   36.051  valid 0/41  106.5s
  i0066 s2262042415  NOT_TRIGGERED_BY_THE_FROZEN_   cost   37.233  valid 0/41   24.5s
  i0068 s46775002  NOT_TRIGGERED_BY_THE_FROZEN_   cost   37.824  valid 0/41   24.6s
  i0070 s4208907640  NOT_TRIGGERED_BY_THE_FROZEN_   cost   39.006  valid 0/41   92.0s
  i0072 s1165327427  NOT_TRIGGERED_BY_THE_FROZEN_   cost   40.188  valid 0/41  100.0s
  i0074 s3142307073  NOT_TRIGGERED_BY_THE_FROZEN_   cost   41.961  valid 0/41   97.0s
  i0076 s1982959932  NOT_TRIGGERED_BY_THE_FROZEN_   cost   43.143  valid 0/41  108.6s
  i0078 s3309457403  NOT_TRIGGERED_BY_THE_FROZEN_   cost   44.916  valid 0/41   94.6s
  i0080 s3682464828  NOT_TRIGGERED_BY_THE_FROZEN_   cost   45.507  valid 0/41   25.5s
  i0082 s1104363036  NOT_TRIGGERED_BY_THE_FROZEN_   cost   46.689  valid 0/41   84.8s
  i0084 s1119767963  NOT_TRIGGERED_BY_THE_FROZEN_   cost   47.871  valid 0/41   84.1s
  i0086 s1775677931  NOT_TRIGGERED_BY_THE_FROZEN_   cost   49.053  valid 0/41   89.0s
  i0088 s1149469801  NOT_TRIGGERED_BY_THE_FROZEN_   cost   50.235  valid 0/41   93.5s
  i0090 s3511944812  NOT_TRIGGERED_BY_THE_FROZEN_   cost   52.008  valid 0/41   85.3s
  i0092 s353714549  NOT_TRIGGERED_BY_THE_FROZEN_   cost   52.599  valid 0/41   25.6s
  i0094 s900507874  ADMISSIBLE                     cost   60.171  valid 2/41  602.6s
  i0096 s1169785814  TRIGGERED_IDENTITY_NOT_CARRI   cost   60.235  valid 2/41    3.3s
  i0098 s1703798497  NOT_TRIGGERED_BY_THE_FROZEN_   cost   61.417  valid 2/41   71.3s
  i0100 s467743821  NOT_TRIGGERED_BY_THE_FROZEN_   cost   62.008  valid 2/41   25.0s
  i0102 s3899203502  NOT_TRIGGERED_BY_THE_FROZEN_   cost   62.599  valid 2/41   24.8s
  i0104 s88273477  NOT_TRIGGERED_BY_THE_FROZEN_   cost   63.190  valid 2/41   25.8s
  i0106 s1787739144  NOT_TRIGGERED_BY_THE_FROZEN_   cost   64.372  valid 2/41   74.4s
  i0108 s2701385585  NOT_TRIGGERED_BY_THE_FROZEN_   cost   65.554  valid 2/41   26.1s
  i0110 s1087126194  NOT_TRIGGERED_BY_THE_FROZEN_   cost   66.736  valid 2/41   87.7s
  i0112 s1479047519  NOT_TRIGGERED_BY_THE_FROZEN_   cost   67.918  valid 2/41   24.4s
  i0114 s318263088  NOT_TRIGGERED_BY_THE_FROZEN_   cost   69.100  valid 2/41  101.1s
  i0116 s835630952  NOT_TRIGGERED_BY_THE_FROZEN_   cost   70.873  valid 2/41  111.3s
  i0118 s3637463811  ADMISSIBLE                     cost   74.854  valid 3/41  518.2s
  i0120 s1158752331  NOT_TRIGGERED_BY_THE_FROZEN_   cost   75.445  valid 3/41   25.5s
  i0122 s1186084237  NOT_TRIGGERED_BY_THE_FROZEN_   cost   76.036  valid 3/41   94.1s
  i0124 s1683812884  ADMISSIBLE                     cost   84.493  valid 5/41  403.0s
  i0126 s3385960576  NOT_TRIGGERED_BY_THE_FROZEN_   cost   85.084  valid 5/41   25.6s
  i0128 s3684121437  NOT_TRIGGERED_BY_THE_FROZEN_   cost   86.266  valid 5/41   26.3s
  i0130 s4290102721  NOT_TRIGGERED_BY_THE_FROZEN_   cost   87.448  valid 5/41   90.4s
  i0132 s629860281  NOT_TRIGGERED_BY_THE_FROZEN_   cost   88.630  valid 5/41   95.7s
  i0134 s1469138701  NOT_TRIGGERED_BY_THE_FROZEN_   cost   90.403  valid 5/41  105.6s
  i0136 s920789974  NOT_TRIGGERED_BY_THE_FROZEN_   cost   91.585  valid 5/41   97.6s
  i0138 s288468687  NOT_TRIGGERED_BY_THE_FROZEN_   cost   92.767  valid 5/41   73.4s
  i0140 s1367514935  NOT_TRIGGERED_BY_THE_FROZEN_   cost   93.949  valid 5/41   97.4s
  i0142 s2792012997  NOT_TRIGGERED_BY_THE_FROZEN_   cost   95.131  valid 5/41   97.9s
  i0144 s3243433339  NOT_TRIGGERED_BY_THE_FROZEN_   cost   96.313  valid 5/41   90.2s
  i0146 s4163829147  NOT_TRIGGERED_BY_THE_FROZEN_   cost   97.495  valid 5/41   91.2s
  i0148 s3578683682  NOT_TRIGGERED_BY_THE_FROZEN_   cost   98.677  valid 5/41   85.9s
  i0150 s1314128473  NOT_TRIGGERED_BY_THE_FROZEN_   cost   99.859  valid 5/41   92.8s
  i0152 s3827072891  NOT_TRIGGERED_BY_THE_FROZEN_   cost  101.632  valid 5/41  104.2s
  i0154 s2613926032  NOT_TRIGGERED_BY_THE_FROZEN_   cost  102.223  valid 5/41   25.3s
  i0156 s3383067575  NOT_TRIGGERED_BY_THE_FROZEN_   cost  103.405  valid 5/41   78.2s
  i0158 s653566452  NOT_TRIGGERED_BY_THE_FROZEN_   cost  104.587  valid 5/41   94.6s
  i0160 s824909358  NOT_TRIGGERED_BY_THE_FROZEN_   cost  105.769  valid 5/41   84.7s
  i0162 s3435524678  NOT_TRIGGERED_BY_THE_FROZEN_   cost  106.360  valid 5/41   25.3s
  i0164 s3958170885  NOT_TRIGGERED_BY_THE_FROZEN_   cost  107.542  valid 5/41   85.9s
  i0166 s2239717213  NOT_TRIGGERED_BY_THE_FROZEN_   cost  109.315  valid 5/41   71.4s
  i0168 s1739299377  NOT_TRIGGERED_BY_THE_FROZEN_   cost  109.906  valid 5/41   25.6s
  i0170 s1374973832  NOT_TRIGGERED_BY_THE_FROZEN_   cost  110.497  valid 5/41   25.6s
  i0172 s483922779  NOT_TRIGGERED_BY_THE_FROZEN_   cost  112.270  valid 5/41   92.8s
  i0174 s920888943  NOT_TRIGGERED_BY_THE_FROZEN_   cost  114.043  valid 5/41   97.6s
  i0176 s1151237230  NOT_TRIGGERED_BY_THE_FROZEN_   cost  115.225  valid 5/41   95.9s
  i0178 s3189309289  NOT_TRIGGERED_BY_THE_FROZEN_   cost  115.816  valid 5/41   25.7s
  i0180 s4293293214  NOT_TRIGGERED_BY_THE_FROZEN_   cost  116.998  valid 5/41   91.1s
  i0182 s2264900717  ADMISSIBLE                     cost  124.006  valid 6/41  455.0s
  i0184 s4148326741  NOT_TRIGGERED_BY_THE_FROZEN_   cost  125.188  valid 6/41   87.6s
  i0186 s3179757080  NOT_TRIGGERED_BY_THE_FROZEN_   cost  125.779  valid 6/41   25.3s
  i0188 s81016665  NOT_TRIGGERED_BY_THE_FROZEN_   cost  126.961  valid 6/41  100.1s
  i0190 s369203076  NOT_TRIGGERED_BY_THE_FROZEN_   cost  128.143  valid 6/41   90.6s
  i0192 s1206714993  NOT_TRIGGERED_BY_THE_FROZEN_   cost  129.325  valid 6/41   75.6s
  i0194 s2277467368  NOT_TRIGGERED_BY_THE_FROZEN_   cost  130.507  valid 6/41   24.9s
  i0196 s2575331694  NOT_TRIGGERED_BY_THE_FROZEN_   cost  131.689  valid 6/41   97.8s
  i0198 s3119402102  ADMISSIBLE                     cost  139.853  valid 7/41  564.4s
  i0200 s185864970  NOT_TRIGGERED_BY_THE_FROZEN_   cost  141.035  valid 7/41  103.3s
  i0202 s3172581001  NOT_TRIGGERED_BY_THE_FROZEN_   cost  142.217  valid 7/41   97.9s
  i0204 s2966469919  NOT_TRIGGERED_BY_THE_FROZEN_   cost  143.399  valid 7/41  100.1s
  i0206 s3782954746  NOT_TRIGGERED_BY_THE_FROZEN_   cost  143.990  valid 7/41   25.0s
  i0208 s57733354  NOT_TRIGGERED_BY_THE_FROZEN_   cost  145.172  valid 7/41   89.6s
  i0210 s2284213202  NOT_TRIGGERED_BY_THE_FROZEN_   cost  145.763  valid 7/41   99.9s
  i0212 s1610669464  NOT_TRIGGERED_BY_THE_FROZEN_   cost  146.354  valid 7/41   74.1s
  i0214 s172740464  NOT_TRIGGERED_BY_THE_FROZEN_   cost  146.945  valid 7/41  100.4s
  i0216 s3439497350  NOT_TRIGGERED_BY_THE_FROZEN_   cost  147.536  valid 7/41   96.4s
  i0218 s4106858783  NOT_TRIGGERED_BY_THE_FROZEN_   cost  148.127  valid 7/41   88.2s
  i0220 s2337453391  NOT_TRIGGERED_BY_THE_FROZEN_   cost  151.626  valid 8/41   98.3s
  i0222 s1839581464  NOT_TRIGGERED_BY_THE_FROZEN_   cost  152.808  valid 8/41   91.7s
  i0224 s1058723929  NOT_TRIGGERED_BY_THE_FROZEN_   cost  153.990  valid 8/41   94.6s
  i0226 s4193967117  NOT_TRIGGERED_BY_THE_FROZEN_   cost  155.172  valid 8/41   79.4s
  i0228 s2858616542  NOT_TRIGGERED_BY_THE_FROZEN_   cost  156.945  valid 8/41  109.8s
  i0230 s1818676297  NOT_TRIGGERED_BY_THE_FROZEN_   cost  158.127  valid 8/41   79.2s
  i0232 s4284177689  NOT_TRIGGERED_BY_THE_FROZEN_   cost  159.309  valid 8/41   79.5s
  i0234 s979445651  NOT_TRIGGERED_BY_THE_FROZEN_   cost  159.900  valid 8/41   25.1s
  i0236 s4289934228  NOT_TRIGGERED_BY_THE_FROZEN_   cost  161.082  valid 8/41   95.9s
  i0238 s1003444346  TRIGGERED_IDENTITY_NOT_CARRI   cost  161.159  valid 8/41    4.3s
  i0240 s1979183767  ADMISSIBLE                     cost  168.806  valid 9/41  450.7s
  i0242 s1316078435  NOT_TRIGGERED_BY_THE_FROZEN_   cost  169.988  valid 9/41   26.2s
  i0244 s686801492  NOT_TRIGGERED_BY_THE_FROZEN_   cost  171.170  valid 9/41  103.5s
  i0246 s2787088923  NOT_TRIGGERED_BY_THE_FROZEN_   cost  172.352  valid 9/41   96.1s
  i0248 s2660037446  NOT_TRIGGERED_BY_THE_FROZEN_   cost  172.943  valid 9/41   25.2s
  i0250 s2706741818  NOT_TRIGGERED_BY_THE_FROZEN_   cost  173.534  valid 9/41   24.6s
  i0252 s3291368252  NOT_TRIGGERED_BY_THE_FROZEN_   cost  174.716  valid 9/41   89.8s
  i0254 s3141804072  NOT_TRIGGERED_BY_THE_FROZEN_   cost  175.898  valid 9/41  100.0s
  i0256 s1906009252  NOT_TRIGGERED_BY_THE_FROZEN_   cost  177.080  valid 9/41  103.3s
  i0258 s1188591223  NOT_TRIGGERED_BY_THE_FROZEN_   cost  178.262  valid 9/41   25.3s
  i0260 s1063479720  NOT_TRIGGERED_BY_THE_FROZEN_   cost  178.853  valid 9/41   93.9s
  i0262 s3746010547  NOT_TRIGGERED_BY_THE_FROZEN_   cost  179.444  valid 9/41   86.8s
  i0264 s719007238  NOT_TRIGGERED_BY_THE_FROZEN_   cost  180.035  valid 9/41   80.1s
  i0266 s847053667  NOT_TRIGGERED_BY_THE_FROZEN_   cost  180.626  valid 9/41   87.4s
  i0268 s1150789305  NOT_TRIGGERED_BY_THE_FROZEN_   cost  181.217  valid 9/41   68.1s
  i0270 s921362213  NOT_TRIGGERED_BY_THE_FROZEN_   cost  181.808  valid 9/41  100.7s
  i0272 s1976864400  NOT_TRIGGERED_BY_THE_FROZEN_   cost  185.304  valid 10/41   97.2s
  i0274 s660502777  NOT_TRIGGERED_BY_THE_FROZEN_   cost  186.486  valid 10/41   91.1s
  i0276 s3975565793  NOT_TRIGGERED_BY_THE_FROZEN_   cost  187.077  valid 10/41   62.4s
  i0278 s1593019473  TRIGGERED_IDENTITY_NOT_CARRI   cost  187.154  valid 10/41    3.8s
  i0280 s2411375947  NOT_TRIGGERED_BY_THE_FROZEN_   cost  188.336  valid 10/41   92.4s
  i0282 s4292025229  NOT_TRIGGERED_BY_THE_FROZEN_   cost  190.109  valid 10/41   99.2s
  i0284 s4164094985  NOT_TRIGGERED_BY_THE_FROZEN_   cost  191.291  valid 10/41   94.7s
  i0286 s1213254972  NOT_TRIGGERED_BY_THE_FROZEN_   cost  192.473  valid 10/41  104.8s
  i0288 s3849101064  NOT_TRIGGERED_BY_THE_FROZEN_   cost  193.655  valid 10/41   90.3s
  i0290 s1312466699  NOT_TRIGGERED_BY_THE_FROZEN_   cost  194.837  valid 10/41   24.5s
  i0292 s1253073960  NOT_TRIGGERED_BY_THE_FROZEN_   cost  196.019  valid 10/41   79.9s
  i0294 s2584457701  NOT_TRIGGERED_BY_THE_FROZEN_   cost  197.201  valid 10/41   25.1s
  i0296 s439051849  NOT_TRIGGERED_BY_THE_FROZEN_   cost  198.974  valid 10/41   81.7s
  i0298 s2981189917  NOT_TRIGGERED_BY_THE_FROZEN_   cost  200.747  valid 10/41   72.6s
  i0300 s2976535426  NOT_TRIGGERED_BY_THE_FROZEN_   cost  201.338  valid 10/41   72.4s
  i0302 s3196332971  NOT_TRIGGERED_BY_THE_FROZEN_   cost  203.111  valid 10/41  105.3s
  i0304 s2897021770  NOT_TRIGGERED_BY_THE_FROZEN_   cost  204.293  valid 10/41   97.3s
  i0306 s1911991772  NOT_TRIGGERED_BY_THE_FROZEN_   cost  204.884  valid 10/41   25.7s
  i0308 s3780067172  NOT_TRIGGERED_BY_THE_FROZEN_   cost  206.657  valid 10/41   79.7s
  i0310 s2196386762  NOT_TRIGGERED_BY_THE_FROZEN_   cost  207.248  valid 10/41   24.6s
  i0312 s855318205  ADMISSIBLE                     cost  214.036  valid 12/41  588.1s
  i0314 s468083516  NOT_TRIGGERED_BY_THE_FROZEN_   cost  216.400  valid 12/41   98.4s
  i0316 s2997191604  NOT_TRIGGERED_BY_THE_FROZEN_   cost  217.582  valid 12/41   78.7s
  i0318 s1766533287  NOT_TRIGGERED_BY_THE_FROZEN_   cost  218.764  valid 12/41   95.6s
  i0320 s275379138  NOT_TRIGGERED_BY_THE_FROZEN_   cost  219.946  valid 12/41   72.9s
  i0322 s143002342  NOT_TRIGGERED_BY_THE_FROZEN_   cost  221.719  valid 12/41   88.2s
  i0324 s1540939267  NOT_TRIGGERED_BY_THE_FROZEN_   cost  222.310  valid 12/41   26.3s
  i0326 s3627829567  NOT_TRIGGERED_BY_THE_FROZEN_   cost  223.492  valid 12/41   80.4s
  i0328 s2166347937  NOT_TRIGGERED_BY_THE_FROZEN_   cost  224.674  valid 12/41  100.5s
  i0330 s2288603431  NOT_TRIGGERED_BY_THE_FROZEN_   cost  225.856  valid 12/41   83.6s
  i0332 s3354822847  NOT_TRIGGERED_BY_THE_FROZEN_   cost  226.447  valid 12/41   25.0s
  i0334 s1024047796  NOT_TRIGGERED_BY_THE_FROZEN_   cost  227.038  valid 12/41   24.8s
  i0336 s548880695  NOT_TRIGGERED_BY_THE_FROZEN_   cost  227.629  valid 12/41   72.5s
  i0338 s3132730838  NOT_TRIGGERED_BY_THE_FROZEN_   cost  228.220  valid 12/41   80.3s
  i0340 s1092769329  NOT_TRIGGERED_BY_THE_FROZEN_   cost  231.609  valid 13/41   25.6s
  i0342 s506858525  NOT_TRIGGERED_BY_THE_FROZEN_   cost  232.791  valid 13/41   93.5s
  i0344 s1312225667  NOT_TRIGGERED_BY_THE_FROZEN_   cost  233.973  valid 13/41   94.0s
  i0346 s4150398793  NOT_TRIGGERED_BY_THE_FROZEN_   cost  234.564  valid 13/41   24.8s
  i0348 s865186102  NOT_TRIGGERED_BY_THE_FROZEN_   cost  235.746  valid 13/41   87.4s
  i0350 s473895873  NOT_TRIGGERED_BY_THE_FROZEN_   cost  236.928  valid 13/41  103.2s
  i0352 s3178864241  NOT_TRIGGERED_BY_THE_FROZEN_   cost  238.110  valid 13/41   79.1s
  i0354 s869945852  NOT_TRIGGERED_BY_THE_FROZEN_   cost  239.292  valid 13/41   83.5s
  i0356 s129850898  NOT_TRIGGERED_BY_THE_FROZEN_   cost  239.883  valid 13/41   24.9s
  i0358 s673899573  NOT_TRIGGERED_BY_THE_FROZEN_   cost  240.474  valid 13/41   86.5s
  i0360 s3402358894  NOT_TRIGGERED_BY_THE_FROZEN_   cost  241.065  valid 13/41  103.7s
  i0362 s2095529199  NOT_TRIGGERED_BY_THE_FROZEN_   cost  241.656  valid 13/41   90.6s
  i0364 s728610411  NOT_TRIGGERED_BY_THE_FROZEN_   cost  242.247  valid 13/41   93.7s
  i0366 s2408628372  NOT_TRIGGERED_BY_THE_FROZEN_   cost  245.649  valid 14/41   87.5s
  i0368 s3581843259  TRIGGERED_IDENTITY_NOT_CARRI   cost  245.725  valid 14/41    3.8s
  i0370 s2211574127  NOT_TRIGGERED_BY_THE_FROZEN_   cost  246.907  valid 14/41   25.0s
  i0372 s1617296211  NOT_TRIGGERED_BY_THE_FROZEN_   cost  247.498  valid 14/41   77.1s
  i0374 s2253838130  NOT_TRIGGERED_BY_THE_FROZEN_   cost  248.089  valid 14/41  102.2s
  i0376 s360868442  NOT_TRIGGERED_BY_THE_FROZEN_   cost  248.680  valid 14/41   89.1s
  i0378 s3260756707  NOT_TRIGGERED_BY_THE_FROZEN_   cost  249.271  valid 14/41   25.2s
  i0380 s416859629  NOT_TRIGGERED_BY_THE_FROZEN_   cost  249.862  valid 14/41   25.2s
  i0382 s2537021116  NOT_TRIGGERED_BY_THE_FROZEN_   cost  250.453  valid 14/41   25.2s
  i0384 s2347140611  NOT_TRIGGERED_BY_THE_FROZEN_   cost  251.044  valid 14/41   97.1s
  i0386 s2834173055  NOT_TRIGGERED_BY_THE_FROZEN_   cost  251.635  valid 14/41   24.4s
  i0388 s55708226  NOT_TRIGGERED_BY_THE_FROZEN_   cost  255.061  valid 15/41   93.9s
  i0390 s3890383852  NOT_TRIGGERED_BY_THE_FROZEN_   cost  255.652  valid 15/41   25.1s
  i0392 s2646054539  NOT_TRIGGERED_BY_THE_FROZEN_   cost  256.834  valid 15/41   86.8s
  i0394 s599127349  NOT_TRIGGERED_BY_THE_FROZEN_   cost  258.607  valid 15/41  100.5s
  i0396 s977787020  NOT_TRIGGERED_BY_THE_FROZEN_   cost  259.789  valid 15/41   26.5s
  i0398 s2521024535  NOT_TRIGGERED_BY_THE_FROZEN_   cost  260.971  valid 15/41   98.0s
  i0400 s3101172563  NOT_TRIGGERED_BY_THE_FROZEN_   cost  261.562  valid 15/41   87.0s
  i0402 s2967678910  NOT_TRIGGERED_BY_THE_FROZEN_   cost  262.744  valid 15/41   81.4s
  i0404 s3905301564  NOT_TRIGGERED_BY_THE_FROZEN_   cost  263.926  valid 15/41   88.1s
  i0406 s1386446756  NOT_TRIGGERED_BY_THE_FROZEN_   cost  265.108  valid 15/41   80.9s
  i0408 s2591693220  NOT_TRIGGERED_BY_THE_FROZEN_   cost  266.881  valid 15/41   82.9s
  i0410 s219067726  NOT_TRIGGERED_BY_THE_FROZEN_   cost  268.063  valid 15/41   83.4s
  i0412 s2811067239  TRIGGERED_IDENTITY_NOT_CARRI   cost  268.209  valid 15/41    7.0s
  i0414 s1940389972  NOT_TRIGGERED_BY_THE_FROZEN_   cost  269.391  valid 15/41   91.9s
  i0416 s3490354444  NOT_TRIGGERED_BY_THE_FROZEN_   cost  269.982  valid 15/41   24.7s
  i0418 s1415823563  NOT_TRIGGERED_BY_THE_FROZEN_   cost  270.573  valid 15/41   88.9s
  i0420 s670651199  NOT_TRIGGERED_BY_THE_FROZEN_   cost  271.164  valid 15/41   77.9s
  i0422 s1988161769  NOT_TRIGGERED_BY_THE_FROZEN_   cost  271.755  valid 15/41   26.2s
  i0424 s3919165891  NOT_TRIGGERED_BY_THE_FROZEN_   cost  272.346  valid 15/41   28.3s
  i0426 s2983502248  NOT_TRIGGERED_BY_THE_FROZEN_   cost  272.937  valid 15/41   25.1s
  i0428 s887737401  NOT_TRIGGERED_BY_THE_FROZEN_   cost  273.528  valid 15/41   82.6s
  i0430 s245024753  NOT_TRIGGERED_BY_THE_FROZEN_   cost  274.119  valid 15/41   79.1s
  i0432 s184968863  NOT_TRIGGERED_BY_THE_FROZEN_   cost  274.710  valid 15/41   92.8s
  i0434 s4020525251  NOT_TRIGGERED_BY_THE_FROZEN_   cost  275.301  valid 15/41   25.4s
  i0436 s594500753  NOT_TRIGGERED_BY_THE_FROZEN_   cost  278.801  valid 16/41   25.2s
  i0438 s567789024  NOT_TRIGGERED_BY_THE_FROZEN_   cost  279.392  valid 16/41   24.1s
  i0440 s1743798108  NOT_TRIGGERED_BY_THE_FROZEN_   cost  279.983  valid 16/41   76.9s
  i0442 s1975360459  NOT_TRIGGERED_BY_THE_FROZEN_   cost  280.574  valid 16/41  102.4s
  i0444 s2756487183  NOT_TRIGGERED_BY_THE_FROZEN_   cost  281.165  valid 16/41   25.1s
  i0446 s996834377  NOT_TRIGGERED_BY_THE_FROZEN_   cost  281.756  valid 16/41   25.1s
  i0448 s4176297598  NOT_TRIGGERED_BY_THE_FROZEN_   cost  282.347  valid 16/41   89.8s
  i0450 s472165982  NOT_TRIGGERED_BY_THE_FROZEN_   cost  286.302  valid 17/41   78.7s
  i0452 s3514119525  NOT_TRIGGERED_BY_THE_FROZEN_   cost  288.075  valid 17/41   91.3s
  i0454 s238711433  NOT_TRIGGERED_BY_THE_FROZEN_   cost  289.257  valid 17/41   91.7s
  i0456 s1744121429  NOT_TRIGGERED_BY_THE_FROZEN_   cost  290.439  valid 17/41  106.5s
  i0458 s3586217620  NOT_TRIGGERED_BY_THE_FROZEN_   cost  291.621  valid 17/41  106.9s
  i0460 s3123962732  NOT_TRIGGERED_BY_THE_FROZEN_   cost  293.394  valid 17/41   84.8s
  i0462 s2120520740  NOT_TRIGGERED_BY_THE_FROZEN_   cost  293.985  valid 17/41  110.1s
  i0464 s405171448  ADMISSIBLE                     cost  300.359  valid 19/41  586.2s
  i0466 s3570818405  NOT_TRIGGERED_BY_THE_FROZEN_   cost  300.950  valid 19/41   88.1s
  i0468 s3337121159  NOT_TRIGGERED_BY_THE_FROZEN_   cost  301.541  valid 19/41   84.1s
  i0470 s4279691916  NOT_TRIGGERED_BY_THE_FROZEN_   cost  302.132  valid 19/41   99.8s
  i0472 s3490610082  NOT_TRIGGERED_BY_THE_FROZEN_   cost  302.723  valid 19/41   24.5s
  i0474 s3088451997  NOT_TRIGGERED_BY_THE_FROZEN_   cost  303.314  valid 19/41  102.5s
  i0476 s3577329860  NOT_TRIGGERED_BY_THE_FROZEN_   cost  303.905  valid 19/41   89.9s
  i0478 s892107472  NOT_TRIGGERED_BY_THE_FROZEN_   cost  308.020  valid 20/41  103.9s
  i0480 s2519703917  NOT_TRIGGERED_BY_THE_FROZEN_   cost  308.811  valid 20/41   82.1s
  i0482 s3588104986  NOT_TRIGGERED_BY_THE_FROZEN_   cost  309.993  valid 20/41   24.7s
  i0484 s740810763  NOT_TRIGGERED_BY_THE_FROZEN_   cost  310.584  valid 20/41   68.9s
  i0486 s3952832876  NOT_TRIGGERED_BY_THE_FROZEN_   cost  311.766  valid 20/41   24.7s
  i0488 s2017988577  NOT_TRIGGERED_BY_THE_FROZEN_   cost  312.357  valid 20/41   26.1s
  i0490 s242074118  NOT_TRIGGERED_BY_THE_FROZEN_   cost  312.948  valid 20/41  112.5s
  i0492 s2426425621  NOT_TRIGGERED_BY_THE_FROZEN_   cost  313.539  valid 20/41   99.9s
  i0494 s3528389613  NOT_TRIGGERED_BY_THE_FROZEN_   cost  314.130  valid 20/41   86.1s
  i0496 s1804416235  NOT_TRIGGERED_BY_THE_FROZEN_   cost  314.721  valid 20/41   85.0s
  i0498 s4090081605  NOT_TRIGGERED_BY_THE_FROZEN_   cost  315.312  valid 20/41   24.8s
  i0500 s1069223911  NOT_TRIGGERED_BY_THE_FROZEN_   cost  315.903  valid 20/41   24.7s
  i0502 s3542470485  NOT_TRIGGERED_BY_THE_FROZEN_   cost  319.398  valid 21/41   77.7s
  i0504 s3345643932  NOT_TRIGGERED_BY_THE_FROZEN_   cost  320.621  valid 21/41  102.5s
  i0506 s2113308122  NOT_TRIGGERED_BY_THE_FROZEN_   cost  322.394  valid 21/41   91.5s
  i0508 s1832930125  NOT_TRIGGERED_BY_THE_FROZEN_   cost  323.576  valid 21/41   26.9s
  i0510 s1251294182  NOT_TRIGGERED_BY_THE_FROZEN_   cost  324.167  valid 21/41   86.5s
