{
 "batch_seeds": 118,
 "elapsed_s": 6127.9,
 "next_index": 521,
 "seeds_attempted": 521,
 "valid_pairs": 24,
 "instances_used": 334.01137,
 "unexternalised_arm_instances": 16,
 "STOPPED": null,
 "scipy_binom_ppf_calls": 0,
 "batch_open": [
  "OMLDCT02_i0450_s2191075399_SELECTIVE",
  "OMLDCT02_i0450_s2191075399_SHAM",
  "OMLDCT02_i0468_s313532382_SELECTIVE",
  "OMLDCT02_i0468_s313532382_SHAM",
  "OMLDCT02_i0471_s1161599545_SELECTIVE",
  "OMLDCT02_i0471_s1161599545_SHAM",
  "OMLDCT02_i0482_s947580020_SELECTIVE",
  "OMLDCT02_i0482_s947580020_SHAM",
  "OMLDCT02_i0484_s1282993013_SELECTIVE",
  "OMLDCT02_i0484_s1282993013_SHAM",
  "OMLDCT02_i0489_s2801676164_SELECTIVE",
  "OMLDCT02_i0489_s2801676164_SHAM",
  "OMLDCT02_i0518_s4140869190_SELECTIVE",
  "OMLDCT02_i0518_s4140869190_SHAM",
  "OMLDCT02_i0520_s2254187694_SELECTIVE",
  "OMLDCT02_i0520_s2254187694_SHAM"
 ]
}
