{
 "batch_seeds": 224,
 "elapsed_s": 10221.4,
 "next_index": 745,
 "seeds_attempted": 745,
 "valid_pairs": 32,
 "instances_used": 473.7422,
 "unexternalised_arm_instances": 16,
 "STOPPED": null,
 "scipy_binom_ppf_calls": 0,
 "batch_open": [
  "OMLDCT02_i0539_s2668493923_SELECTIVE",
  "OMLDCT02_i0539_s2668493923_SHAM",
  "OMLDCT02_i0552_s1649582190_SELECTIVE",
  "OMLDCT02_i0552_s1649582190_SHAM",
  "OMLDCT02_i0559_s2683809185_SELECTIVE",
  "OMLDCT02_i0559_s2683809185_SHAM",
  "OMLDCT02_i0594_s1346141760_SELECTIVE",
  "OMLDCT02_i0594_s1346141760_SHAM",
  "OMLDCT02_i0639_s2593738315_SELECTIVE",
  "OMLDCT02_i0639_s2593738315_SHAM",
  "OMLDCT02_i0664_s2809883036_SELECTIVE",
  "OMLDCT02_i0664_s2809883036_SHAM",
  "OMLDCT02_i0743_s1338869610_SELECTIVE",
  "OMLDCT02_i0743_s1338869610_SHAM",
  "OMLDCT02_i0744_s4253052567_SELECTIVE",
  "OMLDCT02_i0744_s4253052567_SHAM"
 ]
}
